[0.135s][info][gc] Using G1
[0.327s][info][gc] Periodic GC disabled
[0.053s][info][gc] Using G1
[0.081s][info][gc] Periodic GC disabled
[0.052s][info][gc] Using G1
[0.089s][info][gc] Periodic GC disabled
[0.048s][info][gc] Using G1
[0.100s][info][gc] Periodic GC disabled
[0.047s][info][gc] Using G1
[0.077s][info][gc] Periodic GC disabled
[0.052s][info][gc] Using G1
[0.080s][info][gc] Periodic GC disabled
[0.049s][info][gc] Using G1
[0.119s][info][gc] Periodic GC disabled
[0.051s][info][gc] Using G1
[0.084s][info][gc] Periodic GC disabled
[0.046s][info][gc] Using G1
[0.078s][info][gc] Periodic GC disabled
[0.046s][info][gc] Using G1
[0.075s][info][gc] Periodic GC disabled
[0.056s][info][gc] Using G1
[0.089s][info][gc] Periodic GC disabled
